// Jest Snapshot v1, https://goo.gl/fbAQLP

exports[`should render header correctly 1`] = `
<header
  className="header"
>
  <div
    className="content-container"
  >
    <div
      className="header__content"
    >
      <h1>
        EXPENSESBUDDY
      </h1>
      <Link
        className="header__title"
        replace={false}
        to="/dashboard"
      >
         
      </Link>
    </div>
  </div>
</header>
`;
